2026-03-06 01:50:42,294 [ERROR] metadata_api - Erreur de connexion DB dans /health
Traceback (most recent call last):
  File "/app/api_metadata/main.py", line 157, in health
    conn = get_connection()
           ^^^^^^^^^^^^^^^^
  File "/app/api_metadata/db.py", line 43, in get_connection
    return pyodbc.connect(conn_str)
           ^^^^^^^^^^^^^^^^^^^^^^^^
pyodbc.ProgrammingError: ('42000', '[42000] [Microsoft][ODBC Driver 18 for SQL Server][SQL Server]Cannot open database "proposed_2025_11" requested by the login. The login failed. (4060) (SQLDriverConnect)')
2026-03-06 01:50:52,375 [ERROR] metadata_api - Erreur de connexion DB dans /health
Traceback (most recent call last):
  File "/app/api_metadata/main.py", line 157, in health
    conn = get_connection()
           ^^^^^^^^^^^^^^^^
  File "/app/api_metadata/db.py", line 43, in get_connection
    return pyodbc.connect(conn_str)
           ^^^^^^^^^^^^^^^^^^^^^^^^
pyodbc.ProgrammingError: ('42000', '[42000] [Microsoft][ODBC Driver 18 for SQL Server][SQL Server]Cannot open database "proposed_2025_11" requested by the login. The login failed. (4060) (SQLDriverConnect)')
2026-03-06 01:51:02,431 [ERROR] metadata_api - Erreur de connexion DB dans /health
Traceback (most recent call last):
  File "/app/api_metadata/main.py", line 157, in health
    conn = get_connection()
           ^^^^^^^^^^^^^^^^
  File "/app/api_metadata/db.py", line 43, in get_connection
    return pyodbc.connect(conn_str)
           ^^^^^^^^^^^^^^^^^^^^^^^^
pyodbc.ProgrammingError: ('42000', '[42000] [Microsoft][ODBC Driver 18 for SQL Server][SQL Server]Cannot open database "proposed_2025_11" requested by the login. The login failed. (4060) (SQLDriverConnect)')
2026-03-06 01:51:12,508 [ERROR] metadata_api - Erreur de connexion DB dans /health
Traceback (most recent call last):
  File "/app/api_metadata/main.py", line 157, in health
    conn = get_connection()
           ^^^^^^^^^^^^^^^^
  File "/app/api_metadata/db.py", line 43, in get_connection
    return pyodbc.connect(conn_str)
           ^^^^^^^^^^^^^^^^^^^^^^^^
pyodbc.ProgrammingError: ('42000', '[42000] [Microsoft][ODBC Driver 18 for SQL Server][SQL Server]Cannot open database "proposed_2025_11" requested by the login. The login failed. (4060) (SQLDriverConnect)')
2026-03-06 01:51:22,560 [ERROR] metadata_api - Erreur de connexion DB dans /health
Traceback (most recent call last):
  File "/app/api_metadata/main.py", line 157, in health
    conn = get_connection()
           ^^^^^^^^^^^^^^^^
  File "/app/api_metadata/db.py", line 43, in get_connection
    return pyodbc.connect(conn_str)
           ^^^^^^^^^^^^^^^^^^^^^^^^
pyodbc.ProgrammingError: ('42000', '[42000] [Microsoft][ODBC Driver 18 for SQL Server][SQL Server]Cannot open database "proposed_2025_11" requested by the login. The login failed. (4060) (SQLDriverConnect)')
2026-03-06 01:51:32,615 [ERROR] metadata_api - Erreur de connexion DB dans /health
Traceback (most recent call last):
  File "/app/api_metadata/main.py", line 157, in health
    conn = get_connection()
           ^^^^^^^^^^^^^^^^
  File "/app/api_metadata/db.py", line 43, in get_connection
    return pyodbc.connect(conn_str)
           ^^^^^^^^^^^^^^^^^^^^^^^^
pyodbc.ProgrammingError: ('42000', '[42000] [Microsoft][ODBC Driver 18 for SQL Server][SQL Server]Cannot open database "proposed_2025_11" requested by the login. The login failed. (4060) (SQLDriverConnect)')
2026-03-06 01:51:42,692 [ERROR] metadata_api - Erreur de connexion DB dans /health
Traceback (most recent call last):
  File "/app/api_metadata/main.py", line 157, in health
    conn = get_connection()
           ^^^^^^^^^^^^^^^^
  File "/app/api_metadata/db.py", line 43, in get_connection
    return pyodbc.connect(conn_str)
           ^^^^^^^^^^^^^^^^^^^^^^^^
pyodbc.ProgrammingError: ('42000', '[42000] [Microsoft][ODBC Driver 18 for SQL Server][SQL Server]Cannot open database "proposed_2025_11" requested by the login. The login failed. (4060) (SQLDriverConnect)')
2026-03-06 01:51:52,741 [ERROR] metadata_api - Erreur de connexion DB dans /health
Traceback (most recent call last):
  File "/app/api_metadata/main.py", line 157, in health
    conn = get_connection()
           ^^^^^^^^^^^^^^^^
  File "/app/api_metadata/db.py", line 43, in get_connection
    return pyodbc.connect(conn_str)
           ^^^^^^^^^^^^^^^^^^^^^^^^
pyodbc.ProgrammingError: ('42000', '[42000] [Microsoft][ODBC Driver 18 for SQL Server][SQL Server]Cannot open database "proposed_2025_11" requested by the login. The login failed. (4060) (SQLDriverConnect)')
2026-03-06 01:52:02,800 [ERROR] metadata_api - Erreur de connexion DB dans /health
Traceback (most recent call last):
  File "/app/api_metadata/main.py", line 157, in health
    conn = get_connection()
           ^^^^^^^^^^^^^^^^
  File "/app/api_metadata/db.py", line 43, in get_connection
    return pyodbc.connect(conn_str)
           ^^^^^^^^^^^^^^^^^^^^^^^^
pyodbc.ProgrammingError: ('42000', '[42000] [Microsoft][ODBC Driver 18 for SQL Server][SQL Server]Cannot open database "proposed_2025_11" requested by the login. The login failed. (4060) (SQLDriverConnect)')
2026-03-06 01:52:12,851 [ERROR] metadata_api - Erreur de connexion DB dans /health
Traceback (most recent call last):
  File "/app/api_metadata/main.py", line 157, in health
    conn = get_connection()
           ^^^^^^^^^^^^^^^^
  File "/app/api_metadata/db.py", line 43, in get_connection
    return pyodbc.connect(conn_str)
           ^^^^^^^^^^^^^^^^^^^^^^^^
pyodbc.ProgrammingError: ('42000', '[42000] [Microsoft][ODBC Driver 18 for SQL Server][SQL Server]Cannot open database "proposed_2025_11" requested by the login. The login failed. (4060) (SQLDriverConnect)')
2026-03-06 01:52:22,909 [ERROR] metadata_api - Erreur de connexion DB dans /health
Traceback (most recent call last):
  File "/app/api_metadata/main.py", line 157, in health
    conn = get_connection()
           ^^^^^^^^^^^^^^^^
  File "/app/api_metadata/db.py", line 43, in get_connection
    return pyodbc.connect(conn_str)
           ^^^^^^^^^^^^^^^^^^^^^^^^
pyodbc.ProgrammingError: ('42000', '[42000] [Microsoft][ODBC Driver 18 for SQL Server][SQL Server]Cannot open database "proposed_2025_11" requested by the login. The login failed. (4060) (SQLDriverConnect)')
2026-03-06 01:52:32,981 [ERROR] metadata_api - Erreur de connexion DB dans /health
Traceback (most recent call last):
  File "/app/api_metadata/main.py", line 157, in health
    conn = get_connection()
           ^^^^^^^^^^^^^^^^
  File "/app/api_metadata/db.py", line 43, in get_connection
    return pyodbc.connect(conn_str)
           ^^^^^^^^^^^^^^^^^^^^^^^^
pyodbc.ProgrammingError: ('42000', '[42000] [Microsoft][ODBC Driver 18 for SQL Server][SQL Server]Cannot open database "proposed_2025_11" requested by the login. The login failed. (4060) (SQLDriverConnect)')
2026-03-06 01:52:43,047 [ERROR] metadata_api - Erreur de connexion DB dans /health
Traceback (most recent call last):
  File "/app/api_metadata/main.py", line 157, in health
    conn = get_connection()
           ^^^^^^^^^^^^^^^^
  File "/app/api_metadata/db.py", line 43, in get_connection
    return pyodbc.connect(conn_str)
           ^^^^^^^^^^^^^^^^^^^^^^^^
pyodbc.ProgrammingError: ('42000', '[42000] [Microsoft][ODBC Driver 18 for SQL Server][SQL Server]Cannot open database "proposed_2025_11" requested by the login. The login failed. (4060) (SQLDriverConnect)')
2026-03-06 01:52:53,130 [ERROR] metadata_api - Erreur de connexion DB dans /health
Traceback (most recent call last):
  File "/app/api_metadata/main.py", line 157, in health
    conn = get_connection()
           ^^^^^^^^^^^^^^^^
  File "/app/api_metadata/db.py", line 43, in get_connection
    return pyodbc.connect(conn_str)
           ^^^^^^^^^^^^^^^^^^^^^^^^
pyodbc.ProgrammingError: ('42000', '[42000] [Microsoft][ODBC Driver 18 for SQL Server][SQL Server]Cannot open database "proposed_2025_11" requested by the login. The login failed. (4060) (SQLDriverConnect)')
2026-03-06 01:53:03,202 [ERROR] metadata_api - Erreur de connexion DB dans /health
Traceback (most recent call last):
  File "/app/api_metadata/main.py", line 157, in health
    conn = get_connection()
           ^^^^^^^^^^^^^^^^
  File "/app/api_metadata/db.py", line 43, in get_connection
    return pyodbc.connect(conn_str)
           ^^^^^^^^^^^^^^^^^^^^^^^^
pyodbc.ProgrammingError: ('42000', '[42000] [Microsoft][ODBC Driver 18 for SQL Server][SQL Server]Cannot open database "proposed_2025_11" requested by the login. The login failed. (4060) (SQLDriverConnect)')
2026-03-06 01:53:13,266 [ERROR] metadata_api - Erreur de connexion DB dans /health
Traceback (most recent call last):
  File "/app/api_metadata/main.py", line 157, in health
    conn = get_connection()
           ^^^^^^^^^^^^^^^^
  File "/app/api_metadata/db.py", line 43, in get_connection
    return pyodbc.connect(conn_str)
           ^^^^^^^^^^^^^^^^^^^^^^^^
pyodbc.ProgrammingError: ('42000', '[42000] [Microsoft][ODBC Driver 18 for SQL Server][SQL Server]Cannot open database "proposed_2025_11" requested by the login. The login failed. (4060) (SQLDriverConnect)')
2026-03-06 01:53:23,346 [ERROR] metadata_api - Erreur de connexion DB dans /health
Traceback (most recent call last):
  File "/app/api_metadata/main.py", line 157, in health
    conn = get_connection()
           ^^^^^^^^^^^^^^^^
  File "/app/api_metadata/db.py", line 43, in get_connection
    return pyodbc.connect(conn_str)
           ^^^^^^^^^^^^^^^^^^^^^^^^
pyodbc.ProgrammingError: ('42000', '[42000] [Microsoft][ODBC Driver 18 for SQL Server][SQL Server]Cannot open database "proposed_2025_11" requested by the login. The login failed. (4060) (SQLDriverConnect)')
2026-03-06 01:53:33,400 [ERROR] metadata_api - Erreur de connexion DB dans /health
Traceback (most recent call last):
  File "/app/api_metadata/main.py", line 157, in health
    conn = get_connection()
           ^^^^^^^^^^^^^^^^
  File "/app/api_metadata/db.py", line 43, in get_connection
    return pyodbc.connect(conn_str)
           ^^^^^^^^^^^^^^^^^^^^^^^^
pyodbc.ProgrammingError: ('42000', '[42000] [Microsoft][ODBC Driver 18 for SQL Server][SQL Server]Cannot open database "proposed_2025_11" requested by the login. The login failed. (4060) (SQLDriverConnect)')
2026-03-06 01:53:43,454 [ERROR] metadata_api - Erreur de connexion DB dans /health
Traceback (most recent call last):
  File "/app/api_metadata/main.py", line 157, in health
    conn = get_connection()
           ^^^^^^^^^^^^^^^^
  File "/app/api_metadata/db.py", line 43, in get_connection
    return pyodbc.connect(conn_str)
           ^^^^^^^^^^^^^^^^^^^^^^^^
pyodbc.ProgrammingError: ('42000', '[42000] [Microsoft][ODBC Driver 18 for SQL Server][SQL Server]Cannot open database "proposed_2025_11" requested by the login. The login failed. (4060) (SQLDriverConnect)')
2026-03-06 01:53:53,519 [ERROR] metadata_api - Erreur de connexion DB dans /health
Traceback (most recent call last):
  File "/app/api_metadata/main.py", line 157, in health
    conn = get_connection()
           ^^^^^^^^^^^^^^^^
  File "/app/api_metadata/db.py", line 43, in get_connection
    return pyodbc.connect(conn_str)
           ^^^^^^^^^^^^^^^^^^^^^^^^
pyodbc.ProgrammingError: ('42000', '[42000] [Microsoft][ODBC Driver 18 for SQL Server][SQL Server]Cannot open database "proposed_2025_11" requested by the login. The login failed. (4060) (SQLDriverConnect)')
2026-03-06 01:54:03,613 [ERROR] metadata_api - Erreur de connexion DB dans /health
Traceback (most recent call last):
  File "/app/api_metadata/main.py", line 157, in health
    conn = get_connection()
           ^^^^^^^^^^^^^^^^
  File "/app/api_metadata/db.py", line 43, in get_connection
    return pyodbc.connect(conn_str)
           ^^^^^^^^^^^^^^^^^^^^^^^^
pyodbc.ProgrammingError: ('42000', '[42000] [Microsoft][ODBC Driver 18 for SQL Server][SQL Server]Cannot open database "proposed_2025_11" requested by the login. The login failed. (4060) (SQLDriverConnect)')
2026-03-06 01:54:13,666 [ERROR] metadata_api - Erreur de connexion DB dans /health
Traceback (most recent call last):
  File "/app/api_metadata/main.py", line 157, in health
    conn = get_connection()
           ^^^^^^^^^^^^^^^^
  File "/app/api_metadata/db.py", line 43, in get_connection
    return pyodbc.connect(conn_str)
           ^^^^^^^^^^^^^^^^^^^^^^^^
pyodbc.ProgrammingError: ('42000', '[42000] [Microsoft][ODBC Driver 18 for SQL Server][SQL Server]Cannot open database "proposed_2025_11" requested by the login. The login failed. (4060) (SQLDriverConnect)')
2026-03-06 01:54:23,740 [ERROR] metadata_api - Erreur de connexion DB dans /health
Traceback (most recent call last):
  File "/app/api_metadata/main.py", line 157, in health
    conn = get_connection()
           ^^^^^^^^^^^^^^^^
  File "/app/api_metadata/db.py", line 43, in get_connection
    return pyodbc.connect(conn_str)
           ^^^^^^^^^^^^^^^^^^^^^^^^
pyodbc.ProgrammingError: ('42000', '[42000] [Microsoft][ODBC Driver 18 for SQL Server][SQL Server]Cannot open database "proposed_2025_11" requested by the login. The login failed. (4060) (SQLDriverConnect)')
2026-03-06 01:54:33,795 [ERROR] metadata_api - Erreur de connexion DB dans /health
Traceback (most recent call last):
  File "/app/api_metadata/main.py", line 157, in health
    conn = get_connection()
           ^^^^^^^^^^^^^^^^
  File "/app/api_metadata/db.py", line 43, in get_connection
    return pyodbc.connect(conn_str)
           ^^^^^^^^^^^^^^^^^^^^^^^^
pyodbc.ProgrammingError: ('42000', '[42000] [Microsoft][ODBC Driver 18 for SQL Server][SQL Server]Cannot open database "proposed_2025_11" requested by the login. The login failed. (4060) (SQLDriverConnect)')
2026-03-06 01:54:43,846 [ERROR] metadata_api - Erreur de connexion DB dans /health
Traceback (most recent call last):
  File "/app/api_metadata/main.py", line 157, in health
    conn = get_connection()
           ^^^^^^^^^^^^^^^^
  File "/app/api_metadata/db.py", line 43, in get_connection
    return pyodbc.connect(conn_str)
           ^^^^^^^^^^^^^^^^^^^^^^^^
pyodbc.ProgrammingError: ('42000', '[42000] [Microsoft][ODBC Driver 18 for SQL Server][SQL Server]Cannot open database "proposed_2025_11" requested by the login. The login failed. (4060) (SQLDriverConnect)')
2026-03-06 01:54:53,895 [ERROR] metadata_api - Erreur de connexion DB dans /health
Traceback (most recent call last):
  File "/app/api_metadata/main.py", line 157, in health
    conn = get_connection()
           ^^^^^^^^^^^^^^^^
  File "/app/api_metadata/db.py", line 43, in get_connection
    return pyodbc.connect(conn_str)
           ^^^^^^^^^^^^^^^^^^^^^^^^
pyodbc.ProgrammingError: ('42000', '[42000] [Microsoft][ODBC Driver 18 for SQL Server][SQL Server]Cannot open database "proposed_2025_11" requested by the login. The login failed. (4060) (SQLDriverConnect)')
2026-03-06 01:55:04,001 [ERROR] metadata_api - Erreur de connexion DB dans /health
Traceback (most recent call last):
  File "/app/api_metadata/main.py", line 157, in health
    conn = get_connection()
           ^^^^^^^^^^^^^^^^
  File "/app/api_metadata/db.py", line 43, in get_connection
    return pyodbc.connect(conn_str)
           ^^^^^^^^^^^^^^^^^^^^^^^^
pyodbc.ProgrammingError: ('42000', '[42000] [Microsoft][ODBC Driver 18 for SQL Server][SQL Server]Cannot open database "proposed_2025_11" requested by the login. The login failed. (4060) (SQLDriverConnect)')
2026-03-06 01:55:14,057 [ERROR] metadata_api - Erreur de connexion DB dans /health
Traceback (most recent call last):
  File "/app/api_metadata/main.py", line 157, in health
    conn = get_connection()
           ^^^^^^^^^^^^^^^^
  File "/app/api_metadata/db.py", line 43, in get_connection
    return pyodbc.connect(conn_str)
           ^^^^^^^^^^^^^^^^^^^^^^^^
pyodbc.ProgrammingError: ('42000', '[42000] [Microsoft][ODBC Driver 18 for SQL Server][SQL Server]Cannot open database "proposed_2025_11" requested by the login. The login failed. (4060) (SQLDriverConnect)')
2026-03-06 01:55:24,125 [ERROR] metadata_api - Erreur de connexion DB dans /health
Traceback (most recent call last):
  File "/app/api_metadata/main.py", line 157, in health
    conn = get_connection()
           ^^^^^^^^^^^^^^^^
  File "/app/api_metadata/db.py", line 43, in get_connection
    return pyodbc.connect(conn_str)
           ^^^^^^^^^^^^^^^^^^^^^^^^
pyodbc.ProgrammingError: ('42000', '[42000] [Microsoft][ODBC Driver 18 for SQL Server][SQL Server]Cannot open database "proposed_2025_11" requested by the login. The login failed. (4060) (SQLDriverConnect)')
2026-03-06 01:55:34,196 [ERROR] metadata_api - Erreur de connexion DB dans /health
Traceback (most recent call last):
  File "/app/api_metadata/main.py", line 157, in health
    conn = get_connection()
           ^^^^^^^^^^^^^^^^
  File "/app/api_metadata/db.py", line 43, in get_connection
    return pyodbc.connect(conn_str)
           ^^^^^^^^^^^^^^^^^^^^^^^^
pyodbc.ProgrammingError: ('42000', '[42000] [Microsoft][ODBC Driver 18 for SQL Server][SQL Server]Cannot open database "proposed_2025_11" requested by the login. The login failed. (4060) (SQLDriverConnect)')
2026-03-06 01:55:44,261 [ERROR] metadata_api - Erreur de connexion DB dans /health
Traceback (most recent call last):
  File "/app/api_metadata/main.py", line 157, in health
    conn = get_connection()
           ^^^^^^^^^^^^^^^^
  File "/app/api_metadata/db.py", line 43, in get_connection
    return pyodbc.connect(conn_str)
           ^^^^^^^^^^^^^^^^^^^^^^^^
pyodbc.ProgrammingError: ('42000', '[42000] [Microsoft][ODBC Driver 18 for SQL Server][SQL Server]Cannot open database "proposed_2025_11" requested by the login. The login failed. (4060) (SQLDriverConnect)')
2026-03-06 01:55:54,332 [ERROR] metadata_api - Erreur de connexion DB dans /health
Traceback (most recent call last):
  File "/app/api_metadata/main.py", line 157, in health
    conn = get_connection()
           ^^^^^^^^^^^^^^^^
  File "/app/api_metadata/db.py", line 43, in get_connection
    return pyodbc.connect(conn_str)
           ^^^^^^^^^^^^^^^^^^^^^^^^
pyodbc.ProgrammingError: ('42000', '[42000] [Microsoft][ODBC Driver 18 for SQL Server][SQL Server]Cannot open database "proposed_2025_11" requested by the login. The login failed. (4060) (SQLDriverConnect)')
2026-03-06 01:56:04,414 [ERROR] metadata_api - Erreur de connexion DB dans /health
Traceback (most recent call last):
  File "/app/api_metadata/main.py", line 157, in health
    conn = get_connection()
           ^^^^^^^^^^^^^^^^
  File "/app/api_metadata/db.py", line 43, in get_connection
    return pyodbc.connect(conn_str)
           ^^^^^^^^^^^^^^^^^^^^^^^^
pyodbc.ProgrammingError: ('42000', '[42000] [Microsoft][ODBC Driver 18 for SQL Server][SQL Server]Cannot open database "proposed_2025_11" requested by the login. The login failed. (4060) (SQLDriverConnect)')
2026-03-06 01:56:14,468 [ERROR] metadata_api - Erreur de connexion DB dans /health
Traceback (most recent call last):
  File "/app/api_metadata/main.py", line 157, in health
    conn = get_connection()
           ^^^^^^^^^^^^^^^^
  File "/app/api_metadata/db.py", line 43, in get_connection
    return pyodbc.connect(conn_str)
           ^^^^^^^^^^^^^^^^^^^^^^^^
pyodbc.ProgrammingError: ('42000', '[42000] [Microsoft][ODBC Driver 18 for SQL Server][SQL Server]Cannot open database "proposed_2025_11" requested by the login. The login failed. (4060) (SQLDriverConnect)')
2026-03-06 01:56:24,609 [ERROR] metadata_api - Erreur de connexion DB dans /health
Traceback (most recent call last):
  File "/app/api_metadata/main.py", line 157, in health
    conn = get_connection()
           ^^^^^^^^^^^^^^^^
  File "/app/api_metadata/db.py", line 43, in get_connection
    return pyodbc.connect(conn_str)
           ^^^^^^^^^^^^^^^^^^^^^^^^
pyodbc.ProgrammingError: ('42000', '[42000] [Microsoft][ODBC Driver 18 for SQL Server][SQL Server]Cannot open database "proposed_2025_11" requested by the login. The login failed. (4060) (SQLDriverConnect)')
2026-03-06 01:56:34,683 [ERROR] metadata_api - Erreur de connexion DB dans /health
Traceback (most recent call last):
  File "/app/api_metadata/main.py", line 157, in health
    conn = get_connection()
           ^^^^^^^^^^^^^^^^
  File "/app/api_metadata/db.py", line 43, in get_connection
    return pyodbc.connect(conn_str)
           ^^^^^^^^^^^^^^^^^^^^^^^^
pyodbc.ProgrammingError: ('42000', '[42000] [Microsoft][ODBC Driver 18 for SQL Server][SQL Server]Cannot open database "proposed_2025_11" requested by the login. The login failed. (4060) (SQLDriverConnect)')
2026-03-06 01:57:16,488 [ERROR] metadata_api - Erreur de connexion DB dans /health
Traceback (most recent call last):
  File "/app/api_metadata/main.py", line 157, in health
    conn = get_connection()
           ^^^^^^^^^^^^^^^^
  File "/app/api_metadata/db.py", line 43, in get_connection
    return pyodbc.connect(conn_str)
           ^^^^^^^^^^^^^^^^^^^^^^^^
pyodbc.ProgrammingError: ('42000', '[42000] [Microsoft][ODBC Driver 18 for SQL Server][SQL Server]Cannot open database "proposed_2025_11" requested by the login. The login failed. (4060) (SQLDriverConnect)')
2026-03-06 01:57:26,564 [ERROR] metadata_api - Erreur de connexion DB dans /health
Traceback (most recent call last):
  File "/app/api_metadata/main.py", line 157, in health
    conn = get_connection()
           ^^^^^^^^^^^^^^^^
  File "/app/api_metadata/db.py", line 43, in get_connection
    return pyodbc.connect(conn_str)
           ^^^^^^^^^^^^^^^^^^^^^^^^
pyodbc.ProgrammingError: ('42000', '[42000] [Microsoft][ODBC Driver 18 for SQL Server][SQL Server]Cannot open database "proposed_2025_11" requested by the login. The login failed. (4060) (SQLDriverConnect)')
2026-03-06 01:57:36,630 [ERROR] metadata_api - Erreur de connexion DB dans /health
Traceback (most recent call last):
  File "/app/api_metadata/main.py", line 157, in health
    conn = get_connection()
           ^^^^^^^^^^^^^^^^
  File "/app/api_metadata/db.py", line 43, in get_connection
    return pyodbc.connect(conn_str)
           ^^^^^^^^^^^^^^^^^^^^^^^^
pyodbc.ProgrammingError: ('42000', '[42000] [Microsoft][ODBC Driver 18 for SQL Server][SQL Server]Cannot open database "proposed_2025_11" requested by the login. The login failed. (4060) (SQLDriverConnect)')
2026-03-06 01:57:46,694 [ERROR] metadata_api - Erreur de connexion DB dans /health
Traceback (most recent call last):
  File "/app/api_metadata/main.py", line 157, in health
    conn = get_connection()
           ^^^^^^^^^^^^^^^^
  File "/app/api_metadata/db.py", line 43, in get_connection
    return pyodbc.connect(conn_str)
           ^^^^^^^^^^^^^^^^^^^^^^^^
pyodbc.ProgrammingError: ('42000', '[42000] [Microsoft][ODBC Driver 18 for SQL Server][SQL Server]Cannot open database "proposed_2025_11" requested by the login. The login failed. (4060) (SQLDriverConnect)')
2026-03-06 01:57:56,742 [ERROR] metadata_api - Erreur de connexion DB dans /health
Traceback (most recent call last):
  File "/app/api_metadata/main.py", line 157, in health
    conn = get_connection()
           ^^^^^^^^^^^^^^^^
  File "/app/api_metadata/db.py", line 43, in get_connection
    return pyodbc.connect(conn_str)
           ^^^^^^^^^^^^^^^^^^^^^^^^
pyodbc.ProgrammingError: ('42000', '[42000] [Microsoft][ODBC Driver 18 for SQL Server][SQL Server]Cannot open database "proposed_2025_11" requested by the login. The login failed. (4060) (SQLDriverConnect)')
2026-03-06 01:58:06,830 [ERROR] metadata_api - Erreur de connexion DB dans /health
Traceback (most recent call last):
  File "/app/api_metadata/main.py", line 157, in health
    conn = get_connection()
           ^^^^^^^^^^^^^^^^
  File "/app/api_metadata/db.py", line 43, in get_connection
    return pyodbc.connect(conn_str)
           ^^^^^^^^^^^^^^^^^^^^^^^^
pyodbc.ProgrammingError: ('42000', '[42000] [Microsoft][ODBC Driver 18 for SQL Server][SQL Server]Cannot open database "proposed_2025_11" requested by the login. The login failed. (4060) (SQLDriverConnect)')
2026-03-06 01:58:16,896 [ERROR] metadata_api - Erreur de connexion DB dans /health
Traceback (most recent call last):
  File "/app/api_metadata/main.py", line 157, in health
    conn = get_connection()
           ^^^^^^^^^^^^^^^^
  File "/app/api_metadata/db.py", line 43, in get_connection
    return pyodbc.connect(conn_str)
           ^^^^^^^^^^^^^^^^^^^^^^^^
pyodbc.ProgrammingError: ('42000', '[42000] [Microsoft][ODBC Driver 18 for SQL Server][SQL Server]Cannot open database "proposed_2025_11" requested by the login. The login failed. (4060) (SQLDriverConnect)')
2026-03-06 01:58:26,979 [ERROR] metadata_api - Erreur de connexion DB dans /health
Traceback (most recent call last):
  File "/app/api_metadata/main.py", line 157, in health
    conn = get_connection()
           ^^^^^^^^^^^^^^^^
  File "/app/api_metadata/db.py", line 43, in get_connection
    return pyodbc.connect(conn_str)
           ^^^^^^^^^^^^^^^^^^^^^^^^
pyodbc.ProgrammingError: ('42000', '[42000] [Microsoft][ODBC Driver 18 for SQL Server][SQL Server]Cannot open database "proposed_2025_11" requested by the login. The login failed. (4060) (SQLDriverConnect)')
2026-03-06 01:58:37,046 [ERROR] metadata_api - Erreur de connexion DB dans /health
Traceback (most recent call last):
  File "/app/api_metadata/main.py", line 157, in health
    conn = get_connection()
           ^^^^^^^^^^^^^^^^
  File "/app/api_metadata/db.py", line 43, in get_connection
    return pyodbc.connect(conn_str)
           ^^^^^^^^^^^^^^^^^^^^^^^^
pyodbc.ProgrammingError: ('42000', '[42000] [Microsoft][ODBC Driver 18 for SQL Server][SQL Server]Cannot open database "proposed_2025_11" requested by the login. The login failed. (4060) (SQLDriverConnect)')
2026-03-06 01:58:47,150 [ERROR] metadata_api - Erreur de connexion DB dans /health
Traceback (most recent call last):
  File "/app/api_metadata/main.py", line 157, in health
    conn = get_connection()
           ^^^^^^^^^^^^^^^^
  File "/app/api_metadata/db.py", line 43, in get_connection
    return pyodbc.connect(conn_str)
           ^^^^^^^^^^^^^^^^^^^^^^^^
pyodbc.ProgrammingError: ('42000', '[42000] [Microsoft][ODBC Driver 18 for SQL Server][SQL Server]Cannot open database "proposed_2025_11" requested by the login. The login failed. (4060) (SQLDriverConnect)')
2026-03-06 01:58:57,241 [ERROR] metadata_api - Erreur de connexion DB dans /health
Traceback (most recent call last):
  File "/app/api_metadata/main.py", line 157, in health
    conn = get_connection()
           ^^^^^^^^^^^^^^^^
  File "/app/api_metadata/db.py", line 43, in get_connection
    return pyodbc.connect(conn_str)
           ^^^^^^^^^^^^^^^^^^^^^^^^
pyodbc.ProgrammingError: ('42000', '[42000] [Microsoft][ODBC Driver 18 for SQL Server][SQL Server]Cannot open database "proposed_2025_11" requested by the login. The login failed. (4060) (SQLDriverConnect)')
2026-03-06 01:59:07,311 [ERROR] metadata_api - Erreur de connexion DB dans /health
Traceback (most recent call last):
  File "/app/api_metadata/main.py", line 157, in health
    conn = get_connection()
           ^^^^^^^^^^^^^^^^
  File "/app/api_metadata/db.py", line 43, in get_connection
    return pyodbc.connect(conn_str)
           ^^^^^^^^^^^^^^^^^^^^^^^^
pyodbc.ProgrammingError: ('42000', '[42000] [Microsoft][ODBC Driver 18 for SQL Server][SQL Server]Cannot open database "proposed_2025_11" requested by the login. The login failed. (4060) (SQLDriverConnect)')
2026-03-06 01:59:17,433 [ERROR] metadata_api - Erreur de connexion DB dans /health
Traceback (most recent call last):
  File "/app/api_metadata/main.py", line 157, in health
    conn = get_connection()
           ^^^^^^^^^^^^^^^^
  File "/app/api_metadata/db.py", line 43, in get_connection
    return pyodbc.connect(conn_str)
           ^^^^^^^^^^^^^^^^^^^^^^^^
pyodbc.ProgrammingError: ('42000', '[42000] [Microsoft][ODBC Driver 18 for SQL Server][SQL Server]Cannot open database "proposed_2025_11" requested by the login. The login failed. (4060) (SQLDriverConnect)')
2026-03-06 01:59:27,517 [ERROR] metadata_api - Erreur de connexion DB dans /health
Traceback (most recent call last):
  File "/app/api_metadata/main.py", line 157, in health
    conn = get_connection()
           ^^^^^^^^^^^^^^^^
  File "/app/api_metadata/db.py", line 43, in get_connection
    return pyodbc.connect(conn_str)
           ^^^^^^^^^^^^^^^^^^^^^^^^
pyodbc.ProgrammingError: ('42000', '[42000] [Microsoft][ODBC Driver 18 for SQL Server][SQL Server]Cannot open database "proposed_2025_11" requested by the login. The login failed. (4060) (SQLDriverConnect)')
2026-03-06 01:59:37,588 [ERROR] metadata_api - Erreur de connexion DB dans /health
Traceback (most recent call last):
  File "/app/api_metadata/main.py", line 157, in health
    conn = get_connection()
           ^^^^^^^^^^^^^^^^
  File "/app/api_metadata/db.py", line 43, in get_connection
    return pyodbc.connect(conn_str)
           ^^^^^^^^^^^^^^^^^^^^^^^^
pyodbc.ProgrammingError: ('42000', '[42000] [Microsoft][ODBC Driver 18 for SQL Server][SQL Server]Cannot open database "proposed_2025_11" requested by the login. The login failed. (4060) (SQLDriverConnect)')
2026-03-06 01:59:47,646 [ERROR] metadata_api - Erreur de connexion DB dans /health
Traceback (most recent call last):
  File "/app/api_metadata/main.py", line 157, in health
    conn = get_connection()
           ^^^^^^^^^^^^^^^^
  File "/app/api_metadata/db.py", line 43, in get_connection
    return pyodbc.connect(conn_str)
           ^^^^^^^^^^^^^^^^^^^^^^^^
pyodbc.ProgrammingError: ('42000', '[42000] [Microsoft][ODBC Driver 18 for SQL Server][SQL Server]Cannot open database "proposed_2025_11" requested by the login. The login failed. (4060) (SQLDriverConnect)')
2026-03-06 01:59:57,724 [ERROR] metadata_api - Erreur de connexion DB dans /health
Traceback (most recent call last):
  File "/app/api_metadata/main.py", line 157, in health
    conn = get_connection()
           ^^^^^^^^^^^^^^^^
  File "/app/api_metadata/db.py", line 43, in get_connection
    cur = conn.cursor()
           ^^^^^^^^^^^^^
pyodbc.ProgrammingError: ('42000', '[42000] [Microsoft][ODBC Driver 18 for SQL Server][SQL Server]Cannot open database "proposed_2025_11" requested by the login. The login failed. (4060) (SQLDriverConnect)')
2026-03-06 02:00:07,798 [ERROR] metadata_api - Erreur de connexion DB dans /health
Traceback (most recent call last):
  File "/app/api_metadata/main.py", line 157, in health
    conn = get_connection()
           ^^^^^^^^^^^^^^^^
  File "/app/api_metadata/db.py", line 43, in get_connection
    cur = conn.cursor()
           ^^^^^^^^^^^^^
pyodbc.ProgrammingError: ('42000', '[42000] [Microsoft][ODBC Driver 18 for SQL Server][SQL Server]Cannot open database "proposed_2025_11" requested by the login. The login failed. (4060) (SQLDriverConnect)')
2026-03-06 02:00:17,904 [ERROR] metadata_api - Erreur de connexion DB dans /health
Traceback (most recent call last):
  File "/app/api_metadata/main.py", line 157, in health
    conn = get_connection()
           ^^^^^^^^^^^^^^^^
  File "/app/api_metadata/db.py", line 43, in get_connection
    cur = conn.cursor()
           ^^^^^^^^^^^^^
pyodbc.ProgrammingError: ('42000', '[42000] [Microsoft][ODBC Driver 18 for SQL Server][SQL Server]Cannot open database "proposed_2025_11" requested by the login. The login failed. (4060) (SQLDriverConnect)')
2026-03-06 02:00:27,967 [ERROR] metadata_api - Erreur de connexion DB dans /health
Traceback (most recent call last):
  File "/app/api_metadata/main.py", line 157, in health
    conn = get_connection()
           ^^^^^^^^^^^^^^^^
  File "/app/api_metadata/db.py", line 43, in get_connection
    cur = conn.cursor()
           ^^^^^^^^^^^^^
pyodbc.ProgrammingError: ('42000', '[42000] [Microsoft][ODBC Driver 18 for SQL Server][SQL Server]Cannot open database "proposed_2025_11" requested by the login. The login failed. (4060) (SQLDriverConnect)')
2026-03-06 02:00:38,038 [ERROR] metadata_api - Erreur de connexion DB dans /health
Traceback (most recent call last):
  File "/app/api_metadata/main.py", line 157, in health
    conn = get_connection()
           ^^^^^^^^^^^^^^^^
  File "/app/api_metadata/db.py", line 43, in get_connection
    cur = conn.cursor()
           ^^^^^^^^^^^^^
pyodbc.ProgrammingError: ('42000', '[42000] [Microsoft][ODBC Driver 18 for SQL Server][SQL Server]Cannot open database "proposed_2025_11" requested by the login. The login failed. (4060) (SQLDriverConnect)')
2026-03-06 02:00:48,094 [ERROR] metadata_api - Erreur de connexion DB dans /health
Traceback (most recent call last):
  File "/app/api_metadata/main.py", line 157, in health
    conn = get_connection()
           ^^^^^^^^^^^^^^^^
  File "/app/api_metadata/db.py", line 43, in get_connection
    cur = conn.cursor()
           ^^^^^^^^^^^^^
pyodbc.ProgrammingError: ('42000', '[42000] [Microsoft][ODBC Driver 18 for SQL Server][SQL Server]Cannot open database "proposed_2025_11" requested by the login. The login failed. (4060) (SQLDriverConnect)')
2026-03-06 02:00:58,169 [ERROR] metadata_api - Erreur de connexion DB dans /health
Traceback (most recent call last):
  File "/app/api_metadata/main.py", line 157, in health
    conn = get_connection()
           ^^^^^^^^^^^^^^^^
  File "/app/api_metadata/db.py", line 43, in get_connection
    cur = conn.cursor()
           ^^^^^^^^^^^^^
pyodbc.ProgrammingError: ('42000', '[42000] [Microsoft][ODBC Driver 18 for SQL Server][SQL Server]Cannot open database "proposed_2025_11" requested by the login. The login failed. (4060) (SQLDriverConnect)')
2026-03-06 02:01:08,236 [ERROR] metadata_api - Erreur de connexion DB dans /health
Traceback (most recent call last):
  File "/app/api_metadata/main.py", line 157, in health
    conn = get_connection()
           ^^^^^^^^^^^^^^^^
  File "/app/api_metadata/db.py", line 43, in get_connection
    cur = conn.cursor()
           ^^^^^^^^^^^^^
pyodbc.ProgrammingError: ('42000', '[42000] [Microsoft][ODBC Driver 18 for SQL Server][SQL Server]Cannot open database "proposed_2025_11" requested by the login. The login failed. (4060) (SQLDriverConnect)')
2026-03-06 02:01:18,336 [ERROR] metadata_api - Erreur de connexion DB dans /health
Traceback (most recent call last):
  File "/app/api_metadata/main.py", line 157, in health
    conn = get_connection()
           ^^^^^^^^^^^^^^^^
  File "/app/api_metadata/db.py", line 43, in get_connection
    cur = conn.cursor()
           ^^^^^^^^^^^^^
pyodbc.ProgrammingError: ('42000', '[42000] [Microsoft][ODBC Driver 18 for SQL Server][SQL Server]Cannot open database "proposed_2025_11" requested by the login. The login failed. (4060) (SQLDriverConnect)')
2026-03-06 02:01:28,405 [ERROR] metadata_api - Erreur de connexion DB dans /health
Traceback (most recent call last):
  File "/app/api_metadata/main.py", line 157, in health
    conn = get_connection()
           ^^^^^^^^^^^^^^^^
  File "/app/api_metadata/db.py", line 43, in get_connection
    cur = conn.cursor()
           ^^^^^^^^^^^^^
pyodbc.ProgrammingError: ('42000', '[42000] [Microsoft][ODBC Driver 18 for SQL Server][SQL Server]Cannot open database "proposed_2025_11" requested by the login. The login failed. (4060) (SQLDriverConnect)')
2026-03-06 02:01:38,469 [ERROR] metadata_api - Erreur de connexion DB dans /health
Traceback (most recent call last):
  File "/app/api_metadata/main.py", line 157, in health
    conn = get_connection()
           ^^^^^^^^^^^^^^^^
  File "/app/api_metadata/db.py", line 43, in get_connection
    cur = conn.cursor()
           ^^^^^^^^^^^^^
pyodbc.ProgrammingError: ('42000', '[42000] [Microsoft][ODBC Driver 18 for SQL Server][SQL Server]Cannot open database "proposed_2025_11" requested by the login. The login failed. (4060) (SQLDriverConnect)')
2026-03-06 02:01:48,571 [ERROR] metadata_api - Erreur de connexion DB dans /health
Traceback (most recent call last):
  File "/app/api_metadata/main.py", line 157, in health
    conn = get_connection()
           ^^^^^^^^^^^^^^^^
  File "/app/api_metadata/db.py", line 43, in get_connection
    cur = conn.cursor()
           ^^^^^^^^^^^^^
pyodbc.ProgrammingError: ('42000', '[42000] [Microsoft][ODBC Driver 18 for SQL Server][SQL Server]Cannot open database "proposed_2025_11" requested by the login. The login failed. (4060) (SQLDriverConnect)')
2026-03-06 02:01:58,672 [ERROR] metadata_api - Erreur de connexion DB dans /health
Traceback (most recent call last):
  File "/app/api_metadata/main.py", line 157, in health
    conn = get_connection()
           ^^^^^^^^^^^^^^^^
  File "/app/api_metadata/db.py", line 43, in get_connection
    cur = conn.cursor()
           ^^^^^^^^^^^^^
pyodbc.ProgrammingError: ('42000', '[42000] [Microsoft][ODBC Driver 18 for SQL Server][SQL Server]Cannot open database "proposed_2025_11" requested by the login. The login failed. (4060) (SQLDriverConnect)')
2026-03-06 02:02:08,744 [ERROR] metadata_api - Erreur de connexion DB dans /health
Traceback (most recent call last):
  File "/app/api_metadata/main.py", line 157, in health
    conn = get_connection()
           ^^^^^^^^^^^^^^^^
  File "/app/api_metadata/db.py", line 43, in get_connection
    cur = conn.cursor()
           ^^^^^^^^^^^^^
pyodbc.ProgrammingError: ('42000', '[42000] [Microsoft][ODBC Driver 18 for SQL Server][SQL Server]Cannot open database "proposed_2025_11" requested by the login. The login failed. (4060) (SQLDriverConnect)')
2026-03-06 02:02:18,813 [ERROR] metadata_api - Erreur de connexion DB dans /health
Traceback (most recent call last):
  File "/app/api_metadata/main.py", line 157, in health
    conn = get_connection()
           ^^^^^^^^^^^^^^^^
  File "/app/api_metadata/db.py", line 43, in get_connection
    cur = conn.cursor()
           ^^^^^^^^^^^^^
pyodbc.ProgrammingError: ('42000', '[42000] [Microsoft][ODBC Driver 18 for SQL Server][SQL Server]Cannot open database "proposed_2025_11" requested by the login. The login failed. (4060) (SQLDriverConnect)')
2026-03-06 02:02:28,892 [ERROR] metadata_api - Erreur de connexion DB dans /health
Traceback (most recent call last):
  File "/app/api_metadata/main.py", line 157, in health
    conn = get_connection()
           ^^^^^^^^^^^^^^^^
  File "/app/api_metadata/db.py", line 43, in get_connection
    cur = conn.cursor()
           ^^^^^^^^^^^^^
pyodbc.ProgrammingError: ('42000', '[42000] [Microsoft][ODBC Driver 18 for SQL Server][SQL Server]Cannot open database "proposed_2025_11" requested by the login. The login failed. (4060) (SQLDriverConnect)')
2026-03-06 02:02:38,962 [ERROR] metadata_api - Erreur de connexion DB dans /health
Traceback (most recent call last):
  File "/app/api_metadata/main.py", line 157, in health
    cur = conn.cursor()
           ^^^^^^^^^^^^^
  File "/app/api_metadata/db.py", line 43, in get_connection
    cur = conn.cursor()
           ^^^^^^^^^^^^^
pyodbc.ProgrammingError: ('42000', '[42000] [Microsoft][ODBC Driver 18 for SQL Server][SQL Server]Cannot open database "proposed_2025_11" requested by the login. The login failed. (4060) (SQLDriverConnect)')
2026-03-06 02:02:49,061 [ERROR] metadata_api - Erreur de connexion DB dans /health
Traceback (most recent call last):
  File "/app/api_metadata/main.py", line 157, in health
    cur = conn.cursor()
           ^^^^^^^^^^^^^
  File "/app/api_metadata/db.py", line 43, in get_connection
    cur = conn.cursor()
           ^^^^^^^^^^^^^
pyodbc.ProgrammingError: ('42000', '[42000] [Microsoft][ODBC Driver 18 for SQL Server][SQL Server]Cannot open database "proposed_2025_11" requested by the login. The login failed. (4060) (SQLDriverConnect)')
2026-03-06 02:02:59,143 [ERROR] metadata_api - Erreur de connexion DB dans /health
Traceback (most recent call last):
  File "/app/api_metadata/main.py", line 157, in health
    cur = conn.cursor()
           ^^^^^^^^^^^^^
  File "/app/api_metadata/db.py", line 43, in get_connection
    cur = conn.cursor()
           ^^^^^^^^^^^^^
pyodbc.ProgrammingError: ('42000', '[42000] [Microsoft][ODBC Driver 18 for SQL Server][SQL Server]Cannot open database "proposed_2025_11" requested by the login. The login failed. (4060) (SQLDriverConnect)')
2026-03-06 02:03:09,251 [ERROR] metadata_api - Erreur de connexion DB dans /health
Traceback (most recent call last):
  File "/app/api_metadata/main.py", line 157, in health
    cur.execute("SELECT 1")
           ^^^^^^^^^^^^^^^^
  File "/app/api_metadata/db.py", line 43, in get_connection
    cur = conn.cursor()
           ^^^^^^^^^^^^^
pyodbc.ProgrammingError: ('42000', '[42000] [Microsoft][ODBC Driver 18 for SQL Server][SQL Server]Cannot open database "proposed_2025_11" requested by the login. The login failed. (4060) (SQLDriverConnect)')
2026-03-06 02:03:19,359 [ERROR] metadata_api - Erreur de connexion DB dans /health
Traceback (most recent call last):
  File "/app/api_metadata/main.py", line 157, in health
    cur.execute("SELECT 1")
           ^^^^^^^^^^^^^^^^
  File "/app/api_metadata/db.py", line 43, in get_connection
    cur = conn.cursor()
           ^^^^^^^^^^^^^
pyodbc.ProgrammingError: ('42000', '[42000] [Microsoft][ODBC Driver 18 for SQL Server][SQL Server]Cannot open database "proposed_2025_11" requested by the login. The login failed. (4060) (SQLDriverConnect)')
2026-03-06 02:03:29,476 [ERROR] metadata_api - Erreur de connexion DB dans /health
Traceback (most recent call last):
  File "/app/api_metadata/main.py", line 157, in health
    cur.execute("SELECT 1")
           ^^^^^^^^^^^^^^^^
  File "/app/api_metadata/db.py", line 43, in get_connection
    cur = conn.cursor()
           ^^^^^^^^^^^^^
pyodbc.ProgrammingError: ('42000', '[42000] [Microsoft][ODBC Driver 18 for SQL Server][SQL Server]Cannot open database "proposed_2025_11" requested by the login. The login failed. (4060) (SQLDriverConnect)')
2026-03-06 02:03:39,573 [ERROR] metadata_api - Erreur de connexion DB dans /health
Traceback (most recent call last):
  File "/app/api_metadata/main.py", line 157, in health
    cur.execute("SELECT 1")
           ^^^^^^^^^^^^^^^^
  File "/app/api_metadata/db.py", line 43, in get_connection
    cur = conn.cursor()
           ^^^^^^^^^^^^^
pyodbc.ProgrammingError: ('42000', '[42000] [Microsoft][ODBC Driver 18 for SQL Server][SQL Server]Cannot open database "proposed_2025_11" requested by the login. The login failed. (4060) (SQLDriverConnect)')
2026-03-06 02:03:49,712 [ERROR] metadata_api - Erreur de connexion DB dans /health
Traceback (most recent call last):
  File "/app/api_metadata/main.py", line 157, in health
    cur.execute("SELECT 1")
           ^^^^^^^^^^^^^^^^
  File "/app/api_metadata/db.py", line 43, in get_connection
    cur = conn.cursor()
           ^^^^^^^^^^^^^
pyodbc.ProgrammingError: ('42000', '[42000] [Microsoft][ODBC Driver 18 for SQL Server][SQL Server]Cannot open database "proposed_2025_11" requested by the login. The login failed. (4060) (SQLDriverConnect)')
2026-03-06 02:03:59,821 [ERROR] metadata_api - Erreur de connexion DB dans /health
Traceback (most recent call last):
  File "/app/api_metadata/main.py", line 157, in health
    logger.exception("DB healthcheck failed")
           ^^^^^^^^^^^^^^^^
  File "/app/api_metadata/db.py", line 43, in get_connection
    cur = conn.cursor()
           ^^^^^^^^^^^^^
pyodbc.ProgrammingError: ('42000', '[42000] [Microsoft][ODBC Driver 18 for SQL Server][SQL Server]Cannot open database "proposed_2025_11" requested by the login. The login failed. (4060) (SQLDriverConnect)')
2026-03-06 02:04:09,911 [ERROR] metadata_api - Erreur de connexion DB dans /health
Traceback (most recent call last):
  File "/app/api_metadata/main.py", line 157, in health
    )
      
  File "/app/api_metadata/db.py", line 43, in get_connection
    cur = conn.cursor()
           ^^^^^^^^^^^^^
pyodbc.ProgrammingError: ('42000', '[42000] [Microsoft][ODBC Driver 18 for SQL Server][SQL Server]Cannot open database "proposed_2025_11" requested by the login. The login failed. (4060) (SQLDriverConnect)')
2026-03-06 02:04:19,978 [ERROR] metadata_api - Erreur de connexion DB dans /health
Traceback (most recent call last):
  File "/app/api_metadata/main.py", line 157, in health
    )
      
  File "/app/api_metadata/db.py", line 43, in get_connection
    cur = conn.cursor()
           ^^^^^^^^^^^^^
pyodbc.ProgrammingError: ('42000', '[42000] [Microsoft][ODBC Driver 18 for SQL Server][SQL Server]Cannot open database "proposed_2025_11" requested by the login. The login failed. (4060) (SQLDriverConnect)')
2026-03-06 02:04:30,048 [ERROR] metadata_api - Erreur de connexion DB dans /health
Traceback (most recent call last):
  File "/app/api_metadata/main.py", line 157, in health
    )
      
  File "/app/api_metadata/db.py", line 43, in get_connection
    cur = conn.cursor()
           ^^^^^^^^^^^^^
pyodbc.ProgrammingError: ('42000', '[42000] [Microsoft][ODBC Driver 18 for SQL Server][SQL Server]Cannot open database "proposed_2025_11" requested by the login. The login failed. (4060) (SQLDriverConnect)')
2026-03-06 02:04:40,120 [ERROR] metadata_api - Erreur de connexion DB dans /health
Traceback (most recent call last):
  File "/app/api_metadata/main.py", line 157, in health
    )
      
  File "/app/api_metadata/db.py", line 43, in get_connection
    cur = conn.cursor()
           ^^^^^^^^^^^^^
pyodbc.ProgrammingError: ('42000', '[42000] [Microsoft][ODBC Driver 18 for SQL Server][SQL Server]Cannot open database "proposed_2025_11" requested by the login. The login failed. (4060) (SQLDriverConnect)')
2026-03-06 02:04:50,295 [ERROR] metadata_api - Erreur de connexion DB dans /health
Traceback (most recent call last):
  File "/app/api_metadata/main.py", line 157, in health
    )
      
  File "/app/api_metadata/db.py", line 43, in get_connection
    cur = conn.cursor()
           ^^^^^^^^^^^^^
pyodbc.ProgrammingError: ('42000', '[42000] [Microsoft][ODBC Driver 18 for SQL Server][SQL Server]Cannot open database "proposed_2025_11" requested by the login. The login failed. (4060) (SQLDriverConnect)')
2026-03-06 02:05:00,394 [ERROR] metadata_api - Erreur de connexion DB dans /health
Traceback (most recent call last):
  File "/app/api_metadata/main.py", line 157, in health
    )
      
  File "/app/api_metadata/db.py", line 43, in get_connection
    cur = conn.cursor()
           ^^^^^^^^^^^^^
pyodbc.ProgrammingError: ('42000', '[42000] [Microsoft][ODBC Driver 18 for SQL Server][SQL Server]Cannot open database "proposed_2025_11" requested by the login. The login failed. (4060) (SQLDriverConnect)')
2026-03-06 02:05:10,473 [ERROR] metadata_api - Erreur de connexion DB dans /health
Traceback (most recent call last):
  File "/app/api_metadata/main.py", line 157, in health
    )
      
  File "/app/api_metadata/db.py", line 43, in get_connection
    cur = conn.cursor()
           ^^^^^^^^^^^^^
pyodbc.ProgrammingError: ('42000', '[42000] [Microsoft][ODBC Driver 18 for SQL Server][SQL Server]Cannot open database "proposed_2025_11" requested by the login. The login failed. (4060) (SQLDriverConnect)')
2026-03-06 02:05:20,557 [ERROR] metadata_api - Erreur de connexion DB dans /health
Traceback (most recent call last):
  File "/app/api_metadata/main.py", line 157, in health
    )
      
  File "/app/api_metadata/db.py", line 43, in get_connection
    cur = conn.cursor()
           ^^^^^^^^^^^^^
pyodbc.ProgrammingError: ('42000', '[42000] [Microsoft][ODBC Driver 18 for SQL Server][SQL Server]Cannot open database "proposed_2025_11" requested by the login. The login failed. (4060) (SQLDriverConnect)')
2026-03-06 02:05:30,643 [ERROR] metadata_api - Erreur de connexion DB dans /health
Traceback (most recent call last):
  File "/app/api_metadata/main.py", line 157, in health
    content={"status": "error", "db": str(e)},
       ^^^^^^^^^^^^^^^^
  File "/app/api_metadata/db.py", line 43, in get_connection
    cur = conn.cursor()
           ^^^^^^^^^^^^^
pyodbc.ProgrammingError: ('42000', '[42000] [Microsoft][ODBC Driver 18 for SQL Server][SQL Server]Cannot open database "proposed_2025_11" requested by the login. The login failed. (4060) (SQLDriverConnect)')
2026-03-06 02:05:40,729 [ERROR] metadata_api - Erreur de connexion DB dans /health
Traceback (most recent call last):
  File "/app/api_metadata/main.py", line 157, in health
    content={"status": "error", "db": str(e)},
       ^^^^^^^^^^^^^^^^
  File "/app/api_metadata/db.py", line 43, in get_connection
    cur = conn.cursor()
           ^^^^^^^^^^^^^
pyodbc.ProgrammingError: ('42000', '[42000] [Microsoft][ODBC Driver 18 for SQL Server][SQL Server]Cannot open database "proposed_2025_11" requested by the login. The login failed. (4060) (SQLDriverConnect)')
2026-03-06 02:05:50,830 [ERROR] metadata_api - Erreur de connexion DB dans /health
Traceback (most recent call last):
  File "/app/api_metadata/main.py", line 157, in health
    content={"status": "error", "db": str(e)},
       ^^^^^^^^^^^^^^^^
  File "/app/api_metadata/db.py", line 43, in get_connection
    cur = conn.cursor()
           ^^^^^^^^^^^^^
pyodbc.ProgrammingError: ('42000', '[42000] [Microsoft][ODBC Driver 18 for SQL Server][SQL Server]Cannot open database "proposed_2025_11" requested by the login. The login failed. (4060) (SQLDriverConnect)')
2026-03-06 02:06:00,994 [ERROR] metadata_api - Erreur de connexion DB dans /health
Traceback (most recent call last):
  File "/app/api_metadata/main.py", line 157, in health
    content={"status": "error", "db": str(e)},
       ^^^^^^^^^^^^^^^^
  File "/app/api_metadata/db.py", line 43, in get_connection
    cur = conn.cursor()
           ^^^^^^^^^^^^^
pyodbc.ProgrammingError: ('42000', '[42000] [Microsoft][ODBC Driver 18 for SQL Server][SQL Server]Cannot open database "proposed_2025_11" requested by the login. The login failed. (4060) (SQLDriverConnect)')
2026-03-06 02:06:11,087 [ERROR] metadata_api - Erreur de connexion DB dans /health
Traceback (most recent call last):
  File "/app/api_metadata/main.py", line 157, in health
    content={"status": "error", "db": str(e)},
       ^^^^^^^^^^^^^^^^
  File "/app/api_metadata/db.py", line 43, in get_connection
    cur = conn.cursor()
           ^^^^^^^^^^^^^
pyodbc.ProgrammingError: ('42000', '[42000] [Microsoft][ODBC Driver 18 for SQL Server][SQL Server]Cannot open database "proposed_2025_11" requested by the login. The login failed. (4060) (SQLDriverConnect)')
2026-03-06 02:06:21,203 [ERROR] metadata_api - Erreur de connexion DB dans /health
Traceback (most recent call last):
  File "/app/api_metadata/main.py", line 157, in health
    content={"status": "error", "db": str(e)},
       ^^^^^^^^^^^^^^^^
  File "/app/api_metadata/db.py", line 43, in get_connection
    cur = conn.cursor()
           ^^^^^^^^^^^^^
pyodbc.ProgrammingError: ('42000', '[42000] [Microsoft][ODBC Driver 18 for SQL Server][SQL Server]Cannot open database "proposed_2025_11" requested by the login. The login failed. (4060) (SQLDriverConnect)')
2026-03-06 02:06:31,277 [ERROR] metadata_api - Erreur de connexion DB dans /health
Traceback (most recent call last):
  File "/app/api_metadata/main.py", line 157, in health
    content={"status": "error", "db": str(e)},
       ^^^^^^^^^^^^^^^^
  File "/app/api_metadata/db.py", line 43, in get_connection
    cur = conn.cursor()
           ^^^^^^^^^^^^^
pyodbc.ProgrammingError: ('42000', '[42000] [Microsoft][ODBC Driver 18 for SQL Server][SQL Server]Cannot open database "proposed_2025_11" requested by the login. The login failed. (4060) (SQLDriverConnect)')
2026-03-06 02:06:41,372 [ERROR] metadata_api - Erreur de connexion DB dans /health
Traceback (most recent call last):
  File "/app/api_metadata/main.py", line 157, in health
    content={"status": "error", "db": str(e)},
       ^^^^^^^^^^^^^^^^
  File "/app/api_metadata/db.py", line 43, in get_connection
    cur = conn.cursor()
           ^^^^^^^^^^^^^
pyodbc.ProgrammingError: ('42000', '[42000] [Microsoft][ODBC Driver 18 for SQL Server][SQL Server]Cannot open database "proposed_2025_11" requested by the login. The login failed. (4060) (SQLDriverConnect)')
2026-03-06 02:06:51,478 [ERROR] metadata_api - Erreur de connexion DB dans /health
Traceback (most recent call last):
  File "/app/api_metadata/main.py", line 157, in health
    content={"status": "error", "db": str(e)},
       ^^^^^^^^^^^^^^^^
  File "/app/api_metadata/db.py", line 43, in get_connection
    cur = conn.cursor()
           ^^^^^^^^^^^^^
pyodbc.ProgrammingError: ('42000', '[42000] [Microsoft][ODBC Driver 18 for SQL Server][SQL Server]Cannot open database "proposed_2025_11" requested by the login. The login failed. (4060) (SQLDriverConnect)')
2026-03-06 02:07:01,587 [ERROR] metadata_api - Erreur de connexion DB dans /health
Traceback (most recent call last):
  File "/app/api_metadata/main.py", line 157, in health
    content={"status": "error", "db": str(e)},
       ^^^^^^^^^^^^^^^^
  File "/app/api_metadata/db.py", line 43, in get_connection
    cur = conn.cursor()
           ^^^^^^^^^^^^^
pyodbc.ProgrammingError: ('42000', '[42000] [Microsoft][ODBC Driver 18 for SQL Server][SQL Server]Cannot open database "proposed_2025_11" requested by the login. The login failed. (4060) (SQLDriverConnect)')
2026-03-06 02:07:11,661 [ERROR] metadata_api - Erreur de connexion DB dans /health
Traceback (most recent call last):
  File "/app/api_metadata/main.py", line 157, in health
    content={"status": "error", "db": str(e)},
       ^^^^^^^^^^^^^^^^
  File "/app/api_metadata/db.py", line 43, in get_connection
    cur = conn.cursor()
           ^^^^^^^^^^^^^
pyodbc.ProgrammingError: ('42000', '[42000] [Microsoft][ODBC Driver 18 for SQL Server][SQL Server]Cannot open database "proposed_2025_11" requested by the login. The login failed. (4060) (SQLDriverConnect)')
2026-03-06 02:07:21,770 [ERROR] metadata_api - Erreur de connexion DB dans /health
Traceback (most recent call last):
  File "/app/api_metadata/main.py", line 157, in health
    content={"status": "error", "db": str(e)},
       ^^^^^^^^^^^^^^^^
  File "/app/api_metadata/db.py", line 43, in get_connection
    cur = conn.cursor()
           ^^^^^^^^^^^^^
pyodbc.ProgrammingError: ('42000', '[42000] [Microsoft][ODBC Driver 18 for SQL Server][SQL Server]Cannot open database "proposed_2025_11" requested by the login. The login failed. (4060) (SQLDriverConnect)')
2026-03-06 02:07:31,862 [ERROR] metadata_api - Erreur de connexion DB dans /health
Traceback (most recent call last):
  File "/app/api_metadata/main.py", line 157, in health
    content={"status": "error", "db": str(e)},
       ^^^^^^^^^^^^^^^^
  File "/app/api_metadata/db.py", line 43, in get_connection
    cur = conn.cursor()
           ^^^^^^^^^^^^^
pyodbc.ProgrammingError: ('42000', '[42000] [Microsoft][ODBC Driver 18 for SQL Server][SQL Server]Cannot open database "proposed_2025_11" requested by the login. The login failed. (4060) (SQLDriverConnect)')
2026-03-06 02:07:41,948 [ERROR] metadata_api - Erreur de connexion DB dans /health
Traceback (most recent call last):
  File "/app/api_metadata/main.py", line 157, in health
    content={"status": "error", "db": str(e)},
       ^^^^^^^^^^^^^^^^
  File "/app/api_metadata/db.py", line 43, in get_connection
    cur = conn.cursor()
           ^^^^^^^^^^^^^
pyodbc.ProgrammingError: ('42000', '[42000] [Microsoft][ODBC Driver 18 for SQL Server][SQL Server]Cannot open database "proposed_2025_11" requested by the login. The login failed. (4060) (SQLDriverConnect)')
2026-03-06 02:07:52,068 [ERROR] metadata_api - Erreur de connexion DB dans /health
Traceback (most recent call last):
  File "/app/api_metadata/main.py", line 157, in health
    content={"status": "error", "db": str(e)},
       ^^^^^^^^^^^^^^^^
  File "/app/api_metadata/db.py", line 43, in get_connection
    cur = conn.cursor()
           ^^^^^^^^^^^^^
pyodbc.ProgrammingError: ('42000', '[42000] [Microsoft][ODBC Driver 18 for SQL Server][SQL Server]Cannot open database "proposed_2025_11" requested by the login. The login failed. (4060) (SQLDriverConnect)')
2026-03-06 02:08:02,163 [ERROR] metadata_api - Erreur de connexion DB dans /health
Traceback (most recent call last):
  File "/app/api_metadata/main.py", line 157, in health
    content={"status": "error", "db": str(e)},
       ^^^^^^^^^^^^^^^^
  File "/app/api_metadata/db.py", line 43, in get_connection
    cur = conn.cursor()
           ^^^^^^^^^^^^^
pyodbc.ProgrammingError: ('42000', '[42000] [Microsoft][ODBC Driver 18 for SQL Server][SQL Server]Cannot open database "proposed_2025_11" requested by the login. The login failed. (4060) (SQLDriverConnect)')
2026-03-06 02:08:12,234 [ERROR] metadata_api - Erreur de connexion DB dans /health
Traceback (most recent call last):
  File "/app/api_metadata/main.py", line 157, in health
    content={"status": "error", "db": str(e)},
       ^^^^^^^^^^^^^^^^
  File "/app/api_metadata/db.py", line 43, in get_connection
    cur = conn.cursor()
           ^^^^^^^^^^^^^
pyodbc.ProgrammingError: ('42000', '[42000] [Microsoft][ODBC Driver 18 for SQL Server][SQL Server]Cannot open database "proposed_2025_11" requested by the login. The login failed. (4060) (SQLDriverConnect)')
2026-03-06 02:08:22,324 [ERROR] metadata_api - Erreur de connexion DB dans /health
Traceback (most recent call last):
  File "/app/api_metadata/main.py", line 157, in health
    content={"status": "error", "db": str(e)},
       ^^^^^^^^^^^^^^^^
  File "/app/api_metadata/db.py", line 43, in get_connection
    cur = conn.cursor()
           ^^^^^^^^^^^^^
pyodbc.ProgrammingError: ('42000', '[42000] [Microsoft][ODBC Driver 18 for SQL Server][SQL Server]Cannot open database "proposed_2025_11" requested by the login. The login failed. (4060) (SQLDriverConnect)')
2026-03-06 02:08:32,411 [ERROR] metadata_api - Erreur de connexion DB dans /health
Traceback (most recent call last):
  File "/app/api_metadata/main.py", line 157, in health
    content={"status": "error", "db": str(e)},
       ^^^^^^^^^^^^^^^^
  File "/app/api_metadata/db.py", line 43, in get_connection
    cur = conn.cursor()
           ^^^^^^^^^^^^^
pyodbc.ProgrammingError: ('42000', '[42000] [Microsoft][ODBC Driver 18 for SQL Server][SQL Server]Cannot open database "proposed_2025_11" requested by the login. The login failed. (4060) (SQLDriverConnect)')
2026-03-06 02:08:42,495 [ERROR] metadata_api - Erreur de connexion DB dans /health
Traceback (most recent call last):
  File "/app/api_metadata/main.py", line 157, in health
    content={"status": "error", "db": str(e)},
       ^^^^^^^^^^^^^^^^
  File "/app/api_metadata/db.py", line 43, in get_connection
    cur = conn.cursor()
           ^^^^^^^^^^^^^
pyodbc.ProgrammingError: ('42000', '[42000] [Microsoft][ODBC Driver 18 for SQL Server][SQL Server]Cannot open database "proposed_2025_11" requested by the login. The login failed. (4060) (SQLDriverConnect)')
2026-03-06 02:08:52,554 [ERROR] metadata_api - Erreur de connexion DB dans /health
Traceback (most recent call last):
  File "/app/api_metadata/main.py", line 157, in health
    content={"status": "error", "db": str(e)},
       ^^^^^^^^^^^^^^^^
  File "/app/api_metadata/db.py", line 43, in get_connection
    cur = conn.cursor()
           ^^^^^^^^^^^^^
pyodbc.ProgrammingError: ('42000', '[42000] [Microsoft][ODBC Driver 18 for SQL Server][SQL Server]Cannot open database "proposed_2025_11" requested by the login. The login failed. (4060) (SQLDriverConnect)')
2026-03-06 02:09:02,644 [ERROR] metadata_api - Erreur de connexion DB dans /health
Traceback (most recent call last):
  File "/app/api_metadata/main.py", line 157, in health
    content={"status": "error", "db": str(e)},
       ^^^^^^^^^^^^^^^^
  File "/app/api_metadata/db.py", line 43, in get_connection
    cur = conn.cursor()
           ^^^^^^^^^^^^^
pyodbc.ProgrammingError: ('42000', '[42000] [Microsoft][ODBC Driver 18 for SQL Server][SQL Server]Cannot open database "proposed_2025_11" requested by the login. The login failed. (4060) (SQLDriverConnect)')
2026-03-06 02:09:12,731 [ERROR] metadata_api - Erreur de connexion DB dans /health
Traceback (most recent call last):
  File "/app/api_metadata/main.py", line 157, in health
    content={"status": "error", "db": str(e)},
       ^^^^^^^^^^^^^^^^
  File "/app/api_metadata/db.py", line 43, in get_connection
    cur = conn.cursor()
           ^^^^^^^^^^^^^
pyodbc.ProgrammingError: ('42000', '[42000] [Microsoft][ODBC Driver 18 for SQL Server][SQL Server]Cannot open database "proposed_2025_11" requested by the login. The login failed. (4060) (SQLDriverConnect)')
2026-03-06 02:09:22,816 [ERROR] metadata_api - Erreur de connexion DB dans /health
Traceback (most recent call last):
  File "/app/api_metadata/main.py", line 157, in health
    content={"status": "error", "db": str(e)},
       ^^^^^^^^^^^^^^^^
  File "/app/api_metadata/db.py", line 43, in get_connection
    cur = conn.cursor()
           ^^^^^^^^^^^^^
pyodbc.ProgrammingError: ('42000', '[42000] [Microsoft][ODBC Driver 18 for SQL Server][SQL Server]Cannot open database "proposed_2025_11" requested by the login. The login failed. (4060) (SQLDriverConnect)')
2026-03-06 02:09:32,898 [ERROR] metadata_api - Erreur de connexion DB dans /health
Traceback (most recent call last):
  File "/app/api_metadata/main.py", line 157, in health
    content={"status": "error", "db": str(e)},
       ^^^^^^^^^^^^^^^^
  File "/app/api_metadata/db.py", line 43, in get_connection
    cur = conn.cursor()
           ^^^^^^^^^^^^^
pyodbc.ProgrammingError: ('42000', '[42000] [Microsoft][ODBC Driver 18 for SQL Server][SQL Server]Cannot open database "proposed_2025_11" requested by the login. The login failed. (4060) (SQLDriverConnect)')
2026-03-06 02:09:42,986 [ERROR] metadata_api - Erreur de connexion DB dans /health
Traceback (most recent call last):
  File "/app/api_metadata/main.py", line 157, in health
    content={"status": "error", "db": str(e)},
       ^^^^^^^^^^^^^^^^
  File "/app/api_metadata/db.py", line 43, in get_connection
    cur = conn.cursor()
           ^^^^^^^^^^^^^
pyodbc.ProgrammingError: ('42000', '[42000] [Microsoft][ODBC Driver 18 for SQL Server][SQL Server]Cannot open database "proposed_2025_11" requested by the login. The login failed. (4060) (SQLDriverConnect)')
2026-03-06 02:09:53,103 [ERROR] metadata_api - Erreur de connexion DB dans /health
Traceback (most recent call last):
  File "/app/api_metadata/main.py", line 157, in health
    content={"status": "error", "db": str(e)},
       ^^^^^^^^^^^^^^^^
  File "/app/api_metadata/db.py", line 43, in get_connection
    cur = conn.cursor()
           ^^^^^^^^^^^^^
pyodbc.ProgrammingError: ('42000', '[42000] [Microsoft][ODBC Driver 18 for SQL Server][SQL Server]Cannot open database "proposed_2025_11" requested by the login. The login failed. (4060) (SQLDriverConnect)')
2026-03-06 02:10:03,201 [ERROR] metadata_api - Erreur de connexion DB dans /health
Traceback (most recent call last):
  File "/app/api_metadata/main.py", line 157, in health
    content={"status": "error", "db": str(e)},
       ^^^^^^^^^^^^^^^^
  File "/app/api_metadata/db.py", line 43, in get_connection
    cur = conn.cursor()
           ^^^^^^^^^^^^^
pyodbc.ProgrammingError: ('42000', '[42000] [Microsoft][ODBC Driver 18 for SQL Server][SQL Server]Cannot open database "proposed_2025_11" requested by the login. The login failed. (4060) (SQLDriverConnect)')
2026-03-06 02:10:13,286 [ERROR] metadata_api - Erreur de connexion DB dans /health
Traceback (most recent call last):
  File "/app/api_metadata/main.py", line 157, in health
    content={"status": "error", "db": str(e)},
       ^^^^^^^^^^^^^^^^
  File "/app/api_metadata/db.py", line 43, in get_connection
    cur = conn.cursor()
           ^^^^^^^^^^^^^
pyodbc.ProgrammingError: ('42000', '[42000] [Microsoft][ODBC Driver 18 for SQL Server][SQL Server]Cannot open database "proposed_2025_11" requested by the login. The login failed. (4060) (SQLDriverConnect)')
2026-03-06 02:10:23,377 [ERROR] metadata_api - Erreur de connexion DB dans /health
Traceback (most recent call last):
  File "/app/api_metadata/main.py", line 157, in health
    content={"status": "error", "db": str(e)},
       ^^^^^^^^^^^^^^^^
  File "/app/api_metadata/db.py", line 43, in get_connection
    cur = conn.cursor()
           ^^^^^^^^^^^^^
pyodbc.ProgrammingError: ('42000', '[42000] [Microsoft][ODBC Driver 18 for SQL Server][SQL Server]Cannot open database "proposed_2025_11" requested by the login. The login failed. (4060) (SQLDriverConnect)')
2026-03-06 02:10:33,465 [ERROR] metadata_api - Erreur de connexion DB dans /health
Traceback (most recent call last):
  File "/app/api_metadata/main.py", line 157, in health
    content={"status": "error", "db": str(e)},
       ^^^^^^^^^^^^^^^^
  File "/app/api_metadata/db.py", line 43, in get_connection
    cur = conn.cursor()
           ^^^^^^^^^^^^^
pyodbc.ProgrammingError: ('42000', '[42000] [Microsoft][ODBC Driver 18 for SQL Server][SQL Server]Cannot open database "proposed_2025_11" requested by the login. The login failed. (4060) (SQLDriverConnect)')
2026-03-06 02:10:43,554 [ERROR] metadata_api - Erreur de connexion DB dans /health
Traceback (most recent call last):
  File "/app/api_metadata/main.py", line 157, in health
    content={"status": "error", "db": str(e)},
       ^^^^^^^^^^^^^^^^
  File "/app/api_metadata/db.py", line 43, in get_connection
    cur = conn.cursor()
           ^^^^^^^^^^^^^
pyodbc.ProgrammingError: ('42000', '[42000] [Microsoft][ODBC Driver 18 for SQL Server][SQL Server]Cannot open database "proposed_2025_11" requested by the login. The login failed. (4060) (SQLDriverConnect)')
2026-03-06 02:10:53,658 [ERROR] metadata_api - Erreur de connexion DB dans /health
Traceback (most recent call last):
  File "/app/api_metadata/main.py", line 157, in health
    content={"status": "error", "db": str(e)},
       ^^^^^^^^^^^^^^^^
  File "/app/api_metadata/db.py", line 43, in get_connection
    cur = conn.cursor()
           ^^^^^^^^^^^^^
pyodbc.ProgrammingError: ('42000', '[42000] [Microsoft][ODBC Driver 18 for SQL Server][SQL Server]Cannot open database "proposed_2025_11" requested by the login. The login failed. (4060) (SQLDriverConnect)')
2026-03-06 02:11:03,737 [ERROR] metadata_api - Erreur de connexion DB dans /health
Traceback (most recent call last):
  File "/app/api_metadata/main.py", line 157, in health
    content={"status": "error", "db": str(e)},
       ^^^^^^^^^^^^^^^^
  File "/app/api_metadata/db.py", line 43, in get_connection
    cur = conn.cursor()
           ^^^^^^^^^^^^^
pyodbc.ProgrammingError: ('42000', '[42000] [Microsoft][ODBC Driver 18 for SQL Server][SQL Server]Cannot open database "proposed_2025_11" requested by the login. The login failed. (4060) (SQLDriverConnect)')
2026-03-06 02:11:13,847 [ERROR] metadata_api - Erreur de connexion DB dans /health
Traceback (most recent call last):
  File "/app/api_metadata/main.py", line 157, in health
    content={"status": "error", "db": str(e)},
       ^^^^^^^^^^^^^^^^
  File "/app/api_metadata/db.py", line 43, in get_connection
    cur = conn.cursor()
           ^^^^^^^^^^^^^
pyodbc.ProgrammingError: ('42000', '[42000] [Microsoft][ODBC Driver 18 for SQL Server][SQL Server]Cannot open database "proposed_2025_11" requested by the login. The login failed. (4060) (SQLDriverConnect)')
2026-03-06 02:11:23,936 [ERROR] metadata_api - Erreur de connexion DB dans /health
Traceback (most recent call last):
  File "/app/api_metadata/main.py", line 157, in health
    content={"status": "error", "db": str(e)},
       ^^^^^^^^^^^^^^^^
  File "/app/api_metadata/db.py", line 43, in get_connection
    cur = conn.cursor()
           ^^^^^^^^^^^^^
pyodbc.ProgrammingError: ('42000', '[42000] [Microsoft][ODBC Driver 18 for SQL Server][SQL Server]Cannot open database "proposed_2025_11" requested by the login. The login failed. (4060) (SQLDriverConnect)')
2026-03-06 02:11:34,036 [ERROR] metadata_api - Erreur de connexion DB dans /health
Traceback (most recent call last):
  File "/app/api_metadata/main.py", line 157, in health
    content={"status": "error", "db": str(e)},
       ^^^^^^^^^^^^^^^^
  File "/app/api_metadata/db.py", line 43, in get_connection
    cur = conn.cursor()
           ^^^^^^^^^^^^^
pyodbc.ProgrammingError: ('42000', '[42000] [Microsoft][ODBC Driver 18 for SQL Server][SQL Server]Cannot open database "proposed_2025_11" requested by the login. The login failed. (4060) (SQLDriverConnect)')
2026-03-06 02:11:44,112 [ERROR] metadata_api - Erreur de connexion DB dans /health
Traceback (most recent call last):
  File "/app/api_metadata/main.py", line 157, in health
    content={"status": "error", "db": str(e)},
       ^^^^^^^^^^^^^^^^
  File "/app/api_metadata/db.py", line 43, in get_connection
    cur = conn.cursor()
           ^^^^^^^^^^^^^
pyodbc.ProgrammingError: ('42000', '[42000] [Microsoft][ODBC Driver 18 for SQL Server][SQL Server]Cannot open database "proposed_2025_11" requested by the login. The login failed. (4060) (SQLDriverConnect)')
2026-03-06 02:11:54,204 [ERROR] metadata_api - Erreur de connexion DB dans /health
Traceback (most recent call last):
  File "/app/api_metadata/main.py", line 157, in health
    content={"status": "error", "db": str(e)},
       ^^^^^^^^^^^^^^^^
  File "/app/api_metadata/db.py", line 43, in get_connection
    cur = conn.cursor()
           ^^^^^^^^^^^^^
pyodbc.ProgrammingError: ('42000', '[42000] [Microsoft][ODBC Driver 18 for SQL Server][SQL Server]Cannot open database "proposed_2025_11" requested by the login. The login failed. (4060) (SQLDriverConnect)')
2026-03-06 02:12:04,289 [ERROR] metadata_api - Erreur de connexion DB dans /health
Traceback (most recent call last):
  File "/app/api_metadata/main.py", line 157, in health
    content={"status": "error", "db": str(e)},
       ^^^^^^^^^^^^^^^^
  File "/app/api_metadata/db.py", line 43, in get_connection
    cur = conn.cursor()
           ^^^^^^^^^^^^^
pyodbc.ProgrammingError: ('42000', '[42000] [Microsoft][ODBC Driver 18 for SQL Server][SQL Server]Cannot open database "proposed_2025_11" requested by the login. The login failed. (4060) (SQLDriverConnect)')
2026-03-06 02:12:14,396 [ERROR] metadata_api - Erreur de connexion DB dans /health
Traceback (most recent call last):
  File "/app/api_metadata/main.py", line 157, in health
    content={"status": "error", "db": str(e)},
       ^^^^^^^^^^^^^^^^
  File "/app/api_metadata/db.py", line 43, in get_connection
    cur = conn.cursor()
           ^^^^^^^^^^^^^
pyodbc.ProgrammingError: ('42000', '[42000] [Microsoft][ODBC Driver 18 for SQL Server][SQL Server]Cannot open database "proposed_2025_11" requested by the login. The login failed. (4060) (SQLDriverConnect)')
2026-03-06 02:12:24,487 [ERROR] metadata_api - Erreur de connexion DB dans /health
Traceback (most recent call last):
  File "/app/api_metadata/main.py", line 157, in health
    content={"status": "error", "db": str(e)},
       ^^^^^^^^^^^^^^^^
  File "/app/api_metadata/db.py", line 43, in get_connection
    cur = conn.cursor()
           ^^^^^^^^^^^^^
pyodbc.ProgrammingError: ('42000', '[42000] [Microsoft][ODBC Driver 18 for SQL Server][SQL Server]Cannot open database "proposed_2025_11" requested by the login. The login failed. (4060) (SQLDriverConnect)')
2026-03-06 02:12:34,577 [ERROR] metadata_api - Erreur de connexion DB dans /health
Traceback (most recent call last):
  File "/app/api_metadata/main.py", line 157, in health
    content={"status": "error", "db": str(e)},
       ^^^^^^^^^^^^^^^^
  File "/app/api_metadata/db.py", line 43, in get_connection
    cur = conn.cursor()
           ^^^^^^^^^^^^^
pyodbc.ProgrammingError: ('42000', '[42000] [Microsoft][ODBC Driver 18 for SQL Server][SQL Server]Cannot open database "proposed_2025_11" requested by the login. The login failed. (4060) (SQLDriverConnect)')
2026-03-06 02:12:44,666 [ERROR] metadata_api - Erreur de connexion DB dans /health
Traceback (most recent call last):
  File "/app/api_metadata/main.py", line 157, in health
    content={"status": "error", "db": str(e)},
       ^^^^^^^^^^^^^^^^
  File "/app/api_metadata/db.py", line 43, in get_connection
    cur = conn.cursor()
           ^^^^^^^^^^^^^
pyodbc.ProgrammingError: ('42000', '[42000] [Microsoft][ODBC Driver 18 for SQL Server][SQL Server]Cannot open database "proposed_2025_11" requested by the login. The login failed. (4060) (SQLDriverConnect)')
2026-03-06 02:12:54,782 [ERROR] metadata_api - Erreur de connexion DB dans /health
Traceback (most recent call last):
  File "/app/api_metadata/main.py", line 157, in health
    content={"status": "error", "db": str(e)},
       ^^^^^^^^^^^^^^^^
  File "/app/api_metadata/db.py", line 43, in get_connection
    cur = conn.cursor()
           ^^^^^^^^^^^^^
pyodbc.ProgrammingError: ('42000', '[42000] [Microsoft][ODBC Driver 18 for SQL Server][SQL Server]Cannot open database "proposed_2025_11" requested by the login. The login failed. (4060) (SQLDriverConnect)')
2026-03-06 02:13:04,872 [ERROR] metadata_api - Erreur de connexion DB dans /health
Traceback (most recent call last):
  File "/app/api_metadata/main.py", line 157, in health
    content={"status": "error", "db": str(e)},
       ^^^^^^^^^^^^^^^^
  File "/app/api_metadata/db.py", line 43, in get_connection
    cur = conn.cursor()
           ^^^^^^^^^^^^^
pyodbc.ProgrammingError: ('42000', '[42000] [Microsoft][ODBC Driver 18 for SQL Server][SQL Server]Cannot open database "proposed_2025_11" requested by the login. The login failed. (4060) (SQLDriverConnect)')
2026-03-06 02:13:14,966 [ERROR] metadata_api - Erreur de connexion DB dans /health
Traceback (most recent call last):
  File "/app/api_metadata/main.py", line 157, in health
    content={"status": "error", "db": str(e)},
       ^^^^^^^^^^^^^^^^
  File "/app/api_metadata/db.py", line 43, in get_connection
    cur = conn.cursor()
           ^^^^^^^^^^^^^
pyodbc.ProgrammingError: ('42000', '[42000] [Microsoft][ODBC Driver 18 for SQL Server][SQL Server]Cannot open database "proposed_2025_11" requested by the login. The login failed. (4060) (SQLDriverConnect)')
2026-03-06 02:13:25,074 [ERROR] metadata_api - Erreur de connexion DB dans /health
Traceback (most recent call last):
  File "/app/api_metadata/main.py", line 157, in health
    content={"status": "error", "db": str(e)},
       ^^^^^^^^^^^^^^^^
  File "/app/api_metadata/db.py", line 43, in get_connection
    cur = conn.cursor()
           ^^^^^^^^^^^^^
pyodbc.ProgrammingError: ('42000', '[42000] [Microsoft][ODBC Driver 18 for SQL Server][SQL Server]Cannot open database "proposed_2025_11" requested by the login. The login failed. (4060) (SQLDriverConnect)')
2026-03-06 02:13:35,171 [ERROR] metadata_api - Erreur de connexion DB dans /health
Traceback (most recent call last):
  File "/app/api_metadata/main.py", line 157, in health
    content={"status": "error", "db": str(e)},
       ^^^^^^^^^^^^^^^^
  File "/app/api_metadata/db.py", line 43, in get_connection
    cur = conn.cursor()
           ^^^^^^^^^^^^^
pyodbc.ProgrammingError: ('42000', '[42000] [Microsoft][ODBC Driver 18 for SQL Server][SQL Server]Cannot open database "proposed_2025_11" requested by the login. The login failed. (4060) (SQLDriverConnect)')
2026-03-06 02:13:45,251 [ERROR] metadata_api - Erreur de connexion DB dans /health
Traceback (most recent call last):
  File "/app/api_metadata/main.py", line 157, in health
    content={"status": "error", "db": str(e)},
       ^^^^^^^^^^^^^^^^
  File "/app/api_metadata/db.py", line 43, in get_connection
    cur = conn.cursor()
           ^^^^^^^^^^^^^
pyodbc.ProgrammingError: ('42000', '[42000] [Microsoft][ODBC Driver 18 for SQL Server][SQL Server]Cannot open database "proposed_2025_11" requested by the login. The login failed. (4060) (SQLDriverConnect)')
2026-03-06 02:13:55,330 [ERROR] metadata_api - Erreur de connexion DB dans /health
Traceback (most recent call last):
  File "/app/api_metadata/main.py", line 157, in health
    content={"status": "error", "db": str(e)},
       ^^^^^^^^^^^^^^^^
  File "/app/api_metadata/db.py", line 43, in get_connection
    cur = conn.cursor()
           ^^^^^^^^^^^^^
pyodbc.ProgrammingError: ('42000', '[42000] [Microsoft][ODBC Driver 18 for SQL Server][SQL Server]Cannot open database "proposed_2025_11" requested by the login. The login failed. (4060) (SQLDriverConnect)')
2026-03-06 02:14:05,427 [ERROR] metadata_api - Erreur de connexion DB dans /health
Traceback (most recent call last):
  File "/app/api_metadata/main.py", line 157, in health
    content={"status": "error", "db": str(e)},
       ^^^^^^^^^^^^^^^^
  File "/app/api_metadata/db.py", line 43, in get_connection
    cur = conn.cursor()
           ^^^^^^^^^^^^^
pyodbc.ProgrammingError: ('42000', '[42000] [Microsoft][ODBC Driver 18 for SQL Server][SQL Server]Cannot open database "proposed_2025_11" requested by the login. The login failed. (4060) (SQLDriverConnect)')
2026-03-06 02:14:15,520 [ERROR] metadata_api - Erreur de connexion DB dans /health
Traceback (most recent call last):
  File "/app/api_metadata/main.py", line 157, in health
    content={"status": "error", "db": str(e)},
       ^^^^^^^^^^^^^^^^
  File "/app/api_metadata/db.py", line 43, in get_connection
    cur = conn.cursor()
           ^^^^^^^^^^^^^
pyodbc.ProgrammingError: ('42000', '[42000] [Microsoft][ODBC Driver 18 for SQL Server][SQL Server]Cannot open database "proposed_2025_11" requested by the login. The login failed. (4060) (SQLDriverConnect)')
2026-03-06 02:14:25,615 [ERROR] metadata_api - Erreur de connexion DB dans /health
Traceback (most recent call last):
  File "/app/api_metadata/main.py", line 157, in health
    content={"status": "error", "db": str(e)},
       ^^^^^^^^^^^^^^^^
  File "/app/api_metadata/db.py", line 43, in get_connection
    cur = conn.cursor()
           ^^^^^^^^^^^^^
pyodbc.ProgrammingError: ('42000', '[42000] [Microsoft][ODBC Driver 18 for SQL Server][SQL Server]Cannot open database "proposed_2025_11" requested by the login. The login failed. (4060) (SQLDriverConnect)')
2026-03-06 02:14:35,711 [ERROR] metadata_api - Erreur de connexion DB dans /health
Traceback (most recent call last):
  File "/app/api_metadata/main.py", line 157, in health
    content={"status": "error", "db": str(e)},
       ^^^^^^^^^^^^^^^^
  File "/app/api_metadata/db.py", line 43, in get_connection
    cur = conn.cursor()
           ^^^^^^^^^^^^^
pyodbc.ProgrammingError: ('42000', '[42000] [Microsoft][ODBC Driver 18 for SQL Server][SQL Server]Cannot open database "proposed_2025_11" requested by the login. The login failed. (4060) (SQLDriverConnect)')
2026-03-06 02:14:45,790 [ERROR] metadata_api - Erreur de connexion DB dans /health
Traceback (most recent call last):
  File "/app/api_metadata/main.py", line 157, in health
    content={"status": "error", "db": str(e)},
       ^^^^^^^^^^^^^^^^
  File "/app/api_metadata/db.py", line 43, in get_connection
    cur = conn.cursor()
           ^^^^^^^^^^^^^
pyodbc.ProgrammingError: ('42000', '[42000] [Microsoft][ODBC Driver 18 for SQL Server][SQL Server]Cannot open database "proposed_2025_11" requested by the login. The login failed. (4060) (SQLDriverConnect)')
2026-03-06 02:14:55,887 [ERROR] metadata_api - Erreur de connexion DB dans /health
Traceback (most recent call last):
  File "/app/api_metadata/main.py", line 157, in health
    content={"status": "error", "db": str(e)},
       ^^^^^^^^^^^^^^^^
  File "/app/api_metadata/db.py", line 43, in get_connection
    cur = conn.cursor()
           ^^^^^^^^^^^^^
pyodbc.ProgrammingError: ('42000', '[42000] [Microsoft][ODBC Driver 18 for SQL Server][SQL Server]Cannot open database "proposed_2025_11" requested by the login. The login failed. (4060) (SQLDriverConnect)')
2026-03-06 02:15:05,991 [ERROR] metadata_api - Erreur de connexion DB dans /health
Traceback (most recent call last):
  File "/app/api_metadata/main.py", line 157, in health
    content={"status": "error", "db": str(e)},
       ^^^^^^^^^^^^^^^^
  File "/app/api_metadata/db.py", line 43, in get_connection
    cur = conn.cursor()
           ^^^^^^^^^^^^^
pyodbc.ProgrammingError: ('42000', '[42000] [Microsoft][ODBC Driver 18 for SQL Server][SQL Server]Cannot open database "proposed_2025_11" requested by the login. The login failed. (4060) (SQLDriverConnect)')
2026-03-06 02:15:16,088 [ERROR] metadata_api - Erreur de connexion DB dans /health
Traceback (most recent call last):
  File "/app/api_metadata/main.py", line 157, in health
    content={"status": "error", "db": str(e)},
       ^^^^^^^^^^^^^^^^
  File "/app/api_metadata/db.py", line 43, in get_connection
    cur = conn.cursor()
           ^^^^^^^^^^^^^
pyodbc.ProgrammingError: ('42000', '[42000] [Microsoft][ODBC Driver 18 for SQL Server][SQL Server]Cannot open database "proposed_2025_11" requested by the login. The login failed. (4060) (SQLDriverConnect)')
2026-03-06 02:15:26,179 [ERROR] metadata_api - Erreur de connexion DB dans /health
Traceback (most recent call last):
  File "/app/api_metadata/main.py", line 157, in health
    content={"status": "error", "db": str(e)},
       ^^^^^^^^^^^^^^^^
  File "/app/api_metadata/db.py", line 43, in get_connection
    cur = conn.cursor()
           ^^^^^^^^^^^^^
pyodbc.ProgrammingError: ('42000', '[42000] [Microsoft][ODBC Driver 18 for SQL Server][SQL Server]Cannot open database "proposed_2025_11" requested by the login. The login failed. (4060) (SQLDriverConnect)')
2026-03-06 02:15:36,272 [ERROR] metadata_api - Erreur de connexion DB dans /health
Traceback (most recent call last):
  File "/app/api_metadata/main.py", line 157, in health
    content={"status": "error", "db": str(e)},
       ^^^^^^^^^^^^^^^^
  File "/app/api_metadata/db.py", line 43, in get_connection
    cur = conn.cursor()
           ^^^^^^^^^^^^^
pyodbc.ProgrammingError: ('42000', '[42000] [Microsoft][ODBC Driver 18 for SQL Server][SQL Server]Cannot open database "proposed_2025_11" requested by the login. The login failed. (4060) (SQLDriverConnect)')
2026-03-06 02:15:46,366 [ERROR] metadata_api - Erreur de connexion DB dans /health
Traceback (most recent call last):
  File "/app/api_metadata/main.py", line 157, in health
    content={"status": "error", "db": str(e)},
       ^^^^^^^^^^^^^^^^
  File "/app/api_metadata/db.py", line 43, in get_connection
    cur = conn.cursor()
           ^^^^^^^^^^^^^
pyodbc.ProgrammingError: ('42000', '[42000] [Microsoft][ODBC Driver 18 for SQL Server][SQL Server]Cannot open database "proposed_2025_11" requested by the login. The login failed. (4060) (SQLDriverConnect)')
2026-03-06 02:15:56,457 [ERROR] metadata_api - Erreur de connexion DB dans /health
Traceback (most recent call last):
  File "/app/api_metadata/main.py", line 157, in health
    content={"status": "error", "db": str(e)},
       ^^^^^^^^^^^^^^^^
  File "/app/api_metadata/db.py", line 43, in get_connection
    cur = conn.cursor()
           ^^^^^^^^^^^^^
pyodbc.ProgrammingError: ('42000', '[42000] [Microsoft][ODBC Driver 18 for SQL Server][SQL Server]Cannot open database "proposed_2025_11" requested by the login. The login failed. (4060) (SQLDriverConnect)')
2026-03-06 02:16:06,555 [ERROR] metadata_api - Erreur de connexion DB dans /health
Traceback (most recent call last):
  File "/app/api_metadata/main.py", line 157, in health
    content={"status": "error", "db": str(e)},
       ^^^^^^^^^^^^^^^^
  File "/app/api_metadata/db.py", line 43, in get_connection
    cur = conn.cursor()
           ^^^^^^^^^^^^^
pyodbc.ProgrammingError: ('42000', '[42000] [Microsoft][ODBC Driver 18 for SQL Server][SQL Server]Cannot open database "proposed_2025_11" requested by the login. The login failed. (4060) (SQLDriverConnect)')
2026-03-06 02:16:16,685 [ERROR] metadata_api - Erreur de connexion DB dans /health
Traceback (most recent call last):
  File "/app/api_metadata/main.py", line 157, in health
    content={"status": "error", "db": str(e)},
       ^^^^^^^^^^^^^^^^
  File "/app/api_metadata/db.py", line 43, in get_connection
    cur = conn.cursor()
           ^^^^^^^^^^^^^
pyodbc.ProgrammingError: ('42000', '[42000] [Microsoft][ODBC Driver 18 for SQL Server][SQL Server]Cannot open database "proposed_2025_11" requested by the login. The login failed. (4060) (SQLDriverConnect)')
2026-03-06 02:16:26,795 [ERROR] metadata_api - Erreur de connexion DB dans /health
Traceback (most recent call last):
  File "/app/api_metadata/main.py", line 157, in health
    content={"status": "error", "db": str(e)},
       ^^^^^^^^^^^^^^^^
  File "/app/api_metadata/db.py", line 43, in get_connection
    cur = conn.cursor()
           ^^^^^^^^^^^^^
pyodbc.ProgrammingError: ('42000', '[42000] [Microsoft][ODBC Driver 18 for SQL Server][SQL Server]Cannot open database "proposed_2025_11" requested by the login. The login failed. (4060) (SQLDriverConnect)')
2026-03-06 02:16:36,874 [ERROR] metadata_api - Erreur de connexion DB dans /health
Traceback (most recent call last):
  File "/app/api_metadata/main.py", line 157, in health
    content={"status": "error", "db": str(e)},
       ^^^^^^^^^^^^^^^^
  File "/app/api_metadata/db.py", line 43, in get_connection
    cur = conn.cursor()
           ^^^^^^^^^^^^^
pyodbc.ProgrammingError: ('42000', '[42000] [Microsoft][ODBC Driver 18 for SQL Server][SQL Server]Cannot open database "proposed_2025_11" requested by the login. The login failed. (4060) (SQLDriverConnect)')
2026-03-06 02:16:46,975 [ERROR] metadata_api - Erreur de connexion DB dans /health
Traceback (most recent call last):
  File "/app/api_metadata/main.py", line 157, in health
    content={"status": "error", "db": str(e)},
       ^^^^^^^^^^^^^^^^
  File "/app/api_metadata/db.py", line 43, in get_connection
    cur = conn.cursor()
           ^^^^^^^^^^^^^
pyodbc.ProgrammingError: ('42000', '[42000] [Microsoft][ODBC Driver 18 for SQL Server][SQL Server]Cannot open database "proposed_2025_11" requested by the login. The login failed. (4060) (SQLDriverConnect)')
2026-03-06 02:16:57,067 [ERROR] metadata_api - Erreur de connexion DB dans /health
Traceback (most recent call last):
  File "/app/api_metadata/main.py", line 157, in health
    content={"status": "error", "db": str(e)},
       ^^^^^^^^^^^^^^^^
  File "/app/api_metadata/db.py", line 43, in get_connection
    cur = conn.cursor()
           ^^^^^^^^^^^^^
pyodbc.ProgrammingError: ('42000', '[42000] [Microsoft][ODBC Driver 18 for SQL Server][SQL Server]Cannot open database "proposed_2025_11" requested by the login. The login failed. (4060) (SQLDriverConnect)')
2026-03-06 02:17:07,168 [ERROR] metadata_api - Erreur de connexion DB dans /health
Traceback (most recent call last):
  File "/app/api_metadata/main.py", line 157, in health
    content={"status": "error", "db": str(e)},
       ^^^^^^^^^^^^^^^^
  File "/app/api_metadata/db.py", line 43, in get_connection
    cur = conn.cursor()
           ^^^^^^^^^^^^^
pyodbc.ProgrammingError: ('42000', '[42000] [Microsoft][ODBC Driver 18 for SQL Server][SQL Server]Cannot open database "proposed_2025_11" requested by the login. The login failed. (4060) (SQLDriverConnect)')
